<?xml version="1.0" encoding="UTF-8"?>
<testsuites name="jest tests" tests="1" failures="0" errors="0" time="0.35">
  <testsuite name="undefined" errors="0" failures="0" skipped="0" timestamp="2026-05-12T08:07:58" time="0.282" tests="1">
    <testcase classname=" simple test" name=" simple test" time="0.001">
    </testcase>
  </testsuite>
</testsuites>